// Jest Snapshot v1, https://goo.gl/fbAQLP

exports[`Documents DocumentContent should render correctly 1`] = `
<div>
  <withRouter(Connect(AlertMessage)) />
  <withRouter(Connect(ErrorMessage)) />
  <div
    className="box-header with-border"
  >
    <h3
      className="box-title"
    >
      General information
    </h3>
  </div>
  <Connect(DocumentForm) />
  <If>
    <Then>
      <div
        className="box-header with-border"
      >
        <h3
          className="box-title"
        >
          Document attributes
        </h3>
      </div>
      <Connect(AttributesForm) />
    </Then>
  </If>
  <div
    className="box-footer"
  >
    <button
      className="btn btn-success"
      onClick={[Function]}
      type="button"
    >
      Update
    </button>
  </div>
</div>
`;
